Starting local Bazel server and connecting to it...
Loading: 
Loading: 0 packages loaded
Analyzing: target //testing:test (1 packages loaded, 0 targets configured)
Analyzing: target //testing:test (38 packages loaded, 130 targets configured)
DEBUG: Rule 'com_google_googletest' indicated that a canonical reproducible form can be obtained by modifying arguments sha256 = "24564e3b712d3eb30ac9a85d92f7d720f60cc0173730ac166f27dda7fed76cb2"
DEBUG: Repository com_google_googletest instantiated at:
  /home/spinel/armanfork/COMS_4156_Project_Forked/WORKSPACE:3:13: in <toplevel>
Repository rule http_archive defined at:
  /home/spinel/.cache/bazel/_bazel_spinel/2a8341e2844d9de60b0ee9e9f7dd59d4/external/bazel_tools/tools/build_defs/repo/http.bzl:355:31: in <toplevel>
DEBUG: Rule 'jsoncpp' indicated that a canonical reproducible form can be obtained by modifying arguments commit = "8190e061bc2d95da37479a638aa2c9e483e58ec6", shallow_since = "1657835857 -0400" and dropping ["branch"]
DEBUG: Repository jsoncpp instantiated at:
  /home/spinel/armanfork/COMS_4156_Project_Forked/WORKSPACE:11:15: in <toplevel>
Repository rule git_repository defined at:
  /home/spinel/.cache/bazel/_bazel_spinel/2a8341e2844d9de60b0ee9e9f7dd59d4/external/bazel_tools/tools/build_defs/repo/git.bzl:199:33: in <toplevel>
Analyzing: target //testing:test (58 packages loaded, 648 targets configured)
INFO: Analyzed target //testing:test (59 packages loaded, 782 targets configured).
INFO: Found 1 test target...

[0 / 8] [Prepa] BazelWorkspaceStatusAction stable-status.txt
[25 / 62] Compiling googletest/src/gtest-test-part.cc; 1s linux-sandbox ... (8 actions, 7 running)
[32 / 64] Compiling googletest/src/gtest.cc; 2s linux-sandbox ... (8 actions, 7 running)
[41 / 76] Compiling googletest/src/gtest.cc; 3s linux-sandbox ... (8 actions, 7 running)
[57 / 83] Testing //testing:test [3s, 1s (5 actions)] ... (8 actions, 7 running)
[67 / 89] Testing //testing:test [4s, 1s (6 actions)] ... (8 actions running)
[68 / 89] Testing //testing:test [7s, 3s (5 actions)] ... (8 actions, 7 running)
[70 / 89] Testing //testing:test [9s, 2s (5 actions)] ... (8 actions, 7 running)
[79 / 95] Testing //testing:test [5s, 8s (7 actions)] ... (8 actions running)
[85 / 98] Testing //testing:test [7s, 11s (6 actions)] ... (8 actions running)
[93 / 100] Testing //testing:test [14s, 7s (4 actions)] ... (5 actions running)
[95 / 100] Testing //testing:test [10s, 9s] ... (3 actions running)
[100 / 101] Testing //testing:test; 5s linux-sandbox
[100 / 101] Testing //testing:test; 16s linux-sandbox
[100 / 101] 1 / 1 tests; Testing //testing:test; 32s linux-sandbox
INFO: From Testing //testing:test:
==================== Test output for //testing:test:
Running main() from gmock_main.cc
[==========] Running 114 tests from 12 test suites.
[----------] Global test environment set-up.
[----------] 4 tests from DBServiceTestFixture
[ RUN      ] DBServiceTestFixture.Player_Tests
[       OK ] DBServiceTestFixture.Player_Tests (511 ms)
[ RUN      ] DBServiceTestFixture.Developer_Tests
[       OK ] DBServiceTestFixture.Developer_Tests (459 ms)
[ RUN      ] DBServiceTestFixture.Game_Details_Tests
[       OK ] DBServiceTestFixture.Game_Details_Tests (460 ms)
[ RUN      ] DBServiceTestFixture.Player_Game_Ratings_Tests
[       OK ] DBServiceTestFixture.Player_Game_Ratings_Tests (522 ms)
[----------] 4 tests from DBServiceTestFixture (1953 ms total)

[----------] 5 tests from AuthRouteTest
[ RUN      ] AuthRouteTest.Authenticate_Token_Test
[       OK ] AuthRouteTest.Authenticate_Token_Test (0 ms)
[ RUN      ] AuthRouteTest.Developer_Owns_Game_Tests
[       OK ] AuthRouteTest.Developer_Owns_Game_Tests (0 ms)
[ RUN      ] AuthRouteTest.Post_SignUp_Tests
[       OK ] AuthRouteTest.Post_SignUp_Tests (0 ms)
[ RUN      ] AuthRouteTest.Post_Login_Tests
[       OK ] AuthRouteTest.Post_Login_Tests (0 ms)
[ RUN      ] AuthRouteTest.Delete_Login_Tests
[       OK ] AuthRouteTest.Delete_Login_Tests (0 ms)
[----------] 5 tests from AuthRouteTest (0 ms total)

[----------] 1 test from AuthTest
[ RUN      ] AuthTest.Auth_Function_Tests
[       OK ] AuthTest.Auth_Function_Tests (1570 ms)
[----------] 1 test from AuthTest (1570 ms total)

[----------] 5 tests from AuthRouteTestFixture
[ RUN      ] AuthRouteTestFixture.Authenticate_Token_Test
[       OK ] AuthRouteTestFixture.Authenticate_Token_Test (535 ms)
[ RUN      ] AuthRouteTestFixture.Developer_Owns_Game_Tests
[       OK ] AuthRouteTestFixture.Developer_Owns_Game_Tests (751 ms)
[ RUN      ] AuthRouteTestFixture.Post_SignUp_Tests
[       OK ] AuthRouteTestFixture.Post_SignUp_Tests (547 ms)
[ RUN      ] AuthRouteTestFixture.Post_Login_Tests
[       OK ] AuthRouteTestFixture.Post_Login_Tests (587 ms)
[ RUN      ] AuthRouteTestFixture.Delete_Login_Tests
[       OK ] AuthRouteTestFixture.Delete_Login_Tests (510 ms)
[----------] 5 tests from AuthRouteTestFixture (2933 ms total)

[----------] 11 tests from MatchmakingTests
[ RUN      ] MatchmakingTests.Matchmaking_Endpoint_Tests_Set1
[       OK ] MatchmakingTests.Matchmaking_Endpoint_Tests_Set1 (0 ms)
[ RUN      ] MatchmakingTests.Matchmaking_Endpoint_Tests_Set2
0
0
[       OK ] MatchmakingTests.Matchmaking_Endpoint_Tests_Set2 (0 ms)
[ RUN      ] MatchmakingTests.Matchmaking_Backend_Tests_Set1
0
0
[       OK ] MatchmakingTests.Matchmaking_Backend_Tests_Set1 (0 ms)
[ RUN      ] MatchmakingTests.Matchmaking_Backend_Tests_Set2
0
[       OK ] MatchmakingTests.Matchmaking_Backend_Tests_Set2 (0 ms)
[ RUN      ] MatchmakingTests.Matchmaking_Backend_Tests_Set3
0
0
0
[       OK ] MatchmakingTests.Matchmaking_Backend_Tests_Set3 (0 ms)
[ RUN      ] MatchmakingTests.Matchmaking_Backend_Tests_Set4
[       OK ] MatchmakingTests.Matchmaking_Backend_Tests_Set4 (0 ms)
[ RUN      ] MatchmakingTests.Matchmaking_Backend_Tests_Set5
[       OK ] MatchmakingTests.Matchmaking_Backend_Tests_Set5 (0 ms)
[ RUN      ] MatchmakingTests.Matchmaking_Backend_Tests_Set6
[       OK ] MatchmakingTests.Matchmaking_Backend_Tests_Set6 (0 ms)
[ RUN      ] MatchmakingTests.Matchmaking_Backend_Tests_Set7
[       OK ] MatchmakingTests.Matchmaking_Backend_Tests_Set7 (0 ms)
[ RUN      ] MatchmakingTests.Matchmaking_Backend_Tests_Set8
[       OK ] MatchmakingTests.Matchmaking_Backend_Tests_Set8 (0 ms)
[ RUN      ] MatchmakingTests.Matchmaking_Backend_Tests_Set9
[       OK ] MatchmakingTests.Matchmaking_Backend_Tests_Set9 (0 ms)
[----------] 11 tests from MatchmakingTests (3 ms total)

[----------] 11 tests from MatchmakingTestFixture
[ RUN      ] MatchmakingTestFixture.Matchmaking_Endpoint_Tests_Set1
[       OK ] MatchmakingTestFixture.Matchmaking_Endpoint_Tests_Set1 (536 ms)
[ RUN      ] MatchmakingTestFixture.Matchmaking_Endpoint_Tests_Set2
2000
2000
[       OK ] MatchmakingTestFixture.Matchmaking_Endpoint_Tests_Set2 (736 ms)
[ RUN      ] MatchmakingTestFixture.Matchmaking_Backend_Tests_Set1
2000
1000
[       OK ] MatchmakingTestFixture.Matchmaking_Backend_Tests_Set1 (608 ms)
[ RUN      ] MatchmakingTestFixture.Matchmaking_Backend_Tests_Set2
2000
[       OK ] MatchmakingTestFixture.Matchmaking_Backend_Tests_Set2 (537 ms)
[ RUN      ] MatchmakingTestFixture.Matchmaking_Backend_Tests_Set3
2000
1000
0
[       OK ] MatchmakingTestFixture.Matchmaking_Backend_Tests_Set3 (609 ms)
[ RUN      ] MatchmakingTestFixture.Matchmaking_Backend_Tests_Set4
[       OK ] MatchmakingTestFixture.Matchmaking_Backend_Tests_Set4 (590 ms)
[ RUN      ] MatchmakingTestFixture.Matchmaking_Backend_Tests_Set5
[       OK ] MatchmakingTestFixture.Matchmaking_Backend_Tests_Set5 (615 ms)
[ RUN      ] MatchmakingTestFixture.Matchmaking_Backend_Tests_Set6
[       OK ] MatchmakingTestFixture.Matchmaking_Backend_Tests_Set6 (635 ms)
[ RUN      ] MatchmakingTestFixture.Matchmaking_Backend_Tests_Set7
[       OK ] MatchmakingTestFixture.Matchmaking_Backend_Tests_Set7 (661 ms)
[ RUN      ] MatchmakingTestFixture.Matchmaking_Backend_Tests_Set8
[       OK ] MatchmakingTestFixture.Matchmaking_Backend_Tests_Set8 (673 ms)
[ RUN      ] MatchmakingTestFixture.Matchmaking_Backend_Tests_Set9
[       OK ] MatchmakingTestFixture.Matchmaking_Backend_Tests_Set9 (601 ms)
[----------] 11 tests from MatchmakingTestFixture (6806 ms total)

[----------] 2 tests from Get_Post_Games_Suite
[ RUN      ] Get_Post_Games_Suite.Post_Games_Tests
[       OK ] Get_Post_Games_Suite.Post_Games_Tests (2 ms)
[ RUN      ] Get_Post_Games_Suite.Get_Games_Tests
[       OK ] Get_Post_Games_Suite.Get_Games_Tests (0 ms)
[----------] 2 tests from Get_Post_Games_Suite (2 ms total)

[----------] 32 tests from PlayerTestFixture
[ RUN      ] PlayerTestFixture.GetGamePlayersAuthTest
[       OK ] PlayerTestFixture.GetGamePlayersAuthTest (0 ms)
[ RUN      ] PlayerTestFixture.GetGamePlayersNoPlayersTest
[       OK ] PlayerTestFixture.GetGamePlayersNoPlayersTest (0 ms)
[ RUN      ] PlayerTestFixture.GetGamePlayersDevOwnsMultipleGamesTest
[       OK ] PlayerTestFixture.GetGamePlayersDevOwnsMultipleGamesTest (0 ms)
[ RUN      ] PlayerTestFixture.GetGamePlayersMissingParmsTest
[       OK ] PlayerTestFixture.GetGamePlayersMissingParmsTest (0 ms)
[ RUN      ] PlayerTestFixture.GetGamePlayersInvalidPlayerTest
[       OK ] PlayerTestFixture.GetGamePlayersInvalidPlayerTest (0 ms)
[ RUN      ] PlayerTestFixture.AddPlayersStatsAuthTest
[       OK ] PlayerTestFixture.AddPlayersStatsAuthTest (0 ms)
[ RUN      ] PlayerTestFixture.AddPlayersStatsNoPlayersTest
[       OK ] PlayerTestFixture.AddPlayersStatsNoPlayersTest (0 ms)
[ RUN      ] PlayerTestFixture.AddPlayersStatsPlayersExistTest
[       OK ] PlayerTestFixture.AddPlayersStatsPlayersExistTest (0 ms)
[ RUN      ] PlayerTestFixture.AddPlayersStatsWhereStatsExistTest
[       OK ] PlayerTestFixture.AddPlayersStatsWhereStatsExistTest (0 ms)
[ RUN      ] PlayerTestFixture.AddPlayersStatsPlayerDoesntExistTest
[       OK ] PlayerTestFixture.AddPlayersStatsPlayerDoesntExistTest (0 ms)
[ RUN      ] PlayerTestFixture.AddPlayersStatsMissingParmsTest

GMOCK WARNING:
Uninteresting mock function call - returning default value.
    Function call: get_player_game_rating("player9@gmail.com", 5)
          Returns: 56-byte object <30-CE D9-2D FF-7F 00-00 00-00 00-00 00-00 00-00 00-00 00-00 00-00 00-00 00-00 00-00 00-00 00-00 FF-FF FF-FF 00-00 00-00 00-00 00-00 00-00 00-00 00-00 00-00 00-00 00-00>
NOTE: You can safely ignore the above warning unless this call should not happen.  Do not suppress it by blindly adding an EXPECT_CALL() if you don't mean to enforce the call.  See https://github.com/google/googletest/blob/master/docs/gmock_cook_book.md#knowing-when-to-expect for details.

GMOCK WARNING:
Uninteresting mock function call - returning default value.
    Function call: get_player_game_rating("player8@gmail.com", 5)
          Returns: 56-byte object <30-CE D9-2D FF-7F 00-00 00-00 00-00 00-00 00-00 00-00 00-00 00-00 00-00 00-00 00-00 00-00 00-00 FF-FF FF-FF 00-00 00-00 00-00 00-00 00-00 00-00 00-00 00-00 00-00 00-00>
NOTE: You can safely ignore the above warning unless this call should not happen.  Do not suppress it by blindly adding an EXPECT_CALL() if you don't mean to enforce the call.  See https://github.com/google/googletest/blob/master/docs/gmock_cook_book.md#knowing-when-to-expect for details.
[       OK ] PlayerTestFixture.AddPlayersStatsMissingParmsTest (0 ms)
[ RUN      ] PlayerTestFixture.AddPlayersStatsPlayerDoesntExistCreateErrorTest
[       OK ] PlayerTestFixture.AddPlayersStatsPlayerDoesntExistCreateErrorTest (0 ms)
[ RUN      ] PlayerTestFixture.AddPlayersStatsInvalidStatsFormatest
[       OK ] PlayerTestFixture.AddPlayersStatsInvalidStatsFormatest (0 ms)
[ RUN      ] PlayerTestFixture.AddPlayersStatsPlayersExistAddingStatsErrorTest

GMOCK WARNING:
Uninteresting mock function call - returning default value.
    Function call: get_player_game_rating("player7@gmail.com", 1)
          Returns: 56-byte object <90-CB D9-2D FF-7F 00-00 00-00 00-00 00-00 00-00 00-00 00-00 00-00 00-00 00-00 00-00 00-00 00-00 FF-FF FF-FF 00-00 00-00 00-00 00-00 00-00 00-00 00-00 00-00 00-00 00-00>
NOTE: You can safely ignore the above warning unless this call should not happen.  Do not suppress it by blindly adding an EXPECT_CALL() if you don't mean to enforce the call.  See https://github.com/google/googletest/blob/master/docs/gmock_cook_book.md#knowing-when-to-expect for details.

GMOCK WARNING:
Uninteresting mock function call - returning default value.
    Function call: get_player_game_rating("player1@gmail.com", 1)
          Returns: 56-byte object <90-CB D9-2D FF-7F 00-00 00-00 00-00 00-00 00-00 00-00 00-00 00-00 00-00 00-00 00-00 00-00 00-00 FF-FF FF-FF 00-00 00-00 00-00 00-00 00-00 00-00 00-00 00-00 00-00 00-00>
NOTE: You can safely ignore the above warning unless this call should not happen.  Do not suppress it by blindly adding an EXPECT_CALL() if you don't mean to enforce the call.  See https://github.com/google/googletest/blob/master/docs/gmock_cook_book.md#knowing-when-to-expect for details.
[       OK ] PlayerTestFixture.AddPlayersStatsPlayersExistAddingStatsErrorTest (0 ms)
[ RUN      ] PlayerTestFixture.GetPlayersStatsAuthTest
[       OK ] PlayerTestFixture.GetPlayersStatsAuthTest (0 ms)
[ RUN      ] PlayerTestFixture.GetPlayersStatsMissingStatsTest
[       OK ] PlayerTestFixture.GetPlayersStatsMissingStatsTest (0 ms)
[ RUN      ] PlayerTestFixture.GetPlayersStatsValidTest
[       OK ] PlayerTestFixture.GetPlayersStatsValidTest (0 ms)
[ RUN      ] PlayerTestFixture.DeletePlayerStatsAuthTest
[       OK ] PlayerTestFixture.DeletePlayerStatsAuthTest (0 ms)
[ RUN      ] PlayerTestFixture.DeletePlayerStatsMissingPlayersTest
[       OK ] PlayerTestFixture.DeletePlayerStatsMissingPlayersTest (0 ms)
[ RUN      ] PlayerTestFixture.DeletePlayerStatsValidTest
[       OK ] PlayerTestFixture.DeletePlayerStatsValidTest (0 ms)
[ RUN      ] PlayerTestFixture.DeletePlayerStatsInvalidDeleteTest
[       OK ] PlayerTestFixture.DeletePlayerStatsInvalidDeleteTest (0 ms)
[ RUN      ] PlayerTestFixture.UpdatePlayerStatsAuthTest
[       OK ] PlayerTestFixture.UpdatePlayerStatsAuthTest (0 ms)
[ RUN      ] PlayerTestFixture.UpdatePlayerStatsMissingStatsTest
[       OK ] PlayerTestFixture.UpdatePlayerStatsMissingStatsTest (0 ms)
[ RUN      ] PlayerTestFixture.UpdatePlayerStatsEmptyBodyTest
[       OK ] PlayerTestFixture.UpdatePlayerStatsEmptyBodyTest (0 ms)
[ RUN      ] PlayerTestFixture.UpdatePlayerStatsInvalidStatsTest
[       OK ] PlayerTestFixture.UpdatePlayerStatsInvalidStatsTest (0 ms)
[ RUN      ] PlayerTestFixture.UpdatePlayerStatsNeverAddedTest
[       OK ] PlayerTestFixture.UpdatePlayerStatsNeverAddedTest (0 ms)
[ RUN      ] PlayerTestFixture.UpdatePlayerStatsValidTest
[       OK ] PlayerTestFixture.UpdatePlayerStatsValidTest (0 ms)
[ RUN      ] PlayerTestFixture.PutGameAuthTest
[       OK ] PlayerTestFixture.PutGameAuthTest (0 ms)
[ RUN      ] PlayerTestFixture.PutGameEmptyBodyTest

GMOCK WARNING:
Uninteresting mock function call - returning default value.
    Function call: update_game_details(1, 280-byte object <01-00 00-00 00-00 00-00 B8-D1 D9-2D FF-7F 00-00 0E-00 00-00 00-00 00-00 64-65 76-31 40-67 6D-61 69-6C 2E-63 6F-6D 00-00 D8-D1 D9-2D FF-7F 00-00 07-00 00-00 00-00 00-00 53-6B 69-70 2D-42 6F-00 ... 64-00 87-6A D3-55 00-00 33-33 33-3F FF-7F 00-00 98-D2 D9-2D FF-7F 00-00 05-00 00-00 00-00 00-00 43-61 72-64 73-00 00-00 E0-D2 D9-2D FF-7F 00-00 01-00 00-00 02-00 00-00 01-6C 87-6A D3-55 00-00>)
          Returns: 280-byte object <FF-FF FF-FF 00-00 00-00 D8-CA D9-2D FF-7F 00-00 00-00 00-00 00-00 00-00 00-00 00-00 00-00 00-00 00-00 00-00 00-00 00-00 F8-CA D9-2D FF-7F 00-00 00-00 00-00 00-00 00-00 00-00 00-00 00-00 00-00 ... 00-00 00-00 00-00 00-00 00-00 00-00 00-00 00-00 B8-CB D9-2D FF-7F 00-00 00-00 00-00 00-00 00-00 00-00 00-00 00-00 00-00 00-00 00-00 00-00 00-00 00-00 00-00 00-00 00-00 00-00 00-00 00-00 00-00>
NOTE: You can safely ignore the above warning unless this call should not happen.  Do not suppress it by blindly adding an EXPECT_CALL() if you don't mean to enforce the call.  See https://github.com/google/googletest/blob/master/docs/gmock_cook_book.md#knowing-when-to-expect for details.
[       OK ] PlayerTestFixture.PutGameEmptyBodyTest (0 ms)
[ RUN      ] PlayerTestFixture.PutGameInvalidFieldsTest
[       OK ] PlayerTestFixture.PutGameInvalidFieldsTest (0 ms)
[ RUN      ] PlayerTestFixture.PutGameInvalidValuesTest
[       OK ] PlayerTestFixture.PutGameInvalidValuesTest (0 ms)
[ RUN      ] PlayerTestFixture.PutGameValidTest
[       OK ] PlayerTestFixture.PutGameValidTest (0 ms)
[----------] 32 tests from PlayerTestFixture (3 ms total)

[----------] 2 tests from PostGetGamesTestFixture
[ RUN      ] PostGetGamesTestFixture.Post_Games_Integration_Tests
[       OK ] PostGetGamesTestFixture.Post_Games_Integration_Tests (565 ms)
[ RUN      ] PostGetGamesTestFixture.Get_Games_Integration_Tests
[       OK ] PostGetGamesTestFixture.Get_Games_Integration_Tests (565 ms)
[----------] 2 tests from PostGetGamesTestFixture (1130 ms total)

[----------] 27 tests from PlayerTestIntegrationFixture
[ RUN      ] PlayerTestIntegrationFixture.GetGamePlayersAuthTest
[       OK ] PlayerTestIntegrationFixture.GetGamePlayersAuthTest (500 ms)
[ RUN      ] PlayerTestIntegrationFixture.GetGamePlayersNoPlayersTest
[       OK ] PlayerTestIntegrationFixture.GetGamePlayersNoPlayersTest (535 ms)
[ RUN      ] PlayerTestIntegrationFixture.GetGamePlayersDevOwnsMultipleGamesTest
[       OK ] PlayerTestIntegrationFixture.GetGamePlayersDevOwnsMultipleGamesTest (663 ms)
[ RUN      ] PlayerTestIntegrationFixture.GetGamePlayersMissingParmsTest
[       OK ] PlayerTestIntegrationFixture.GetGamePlayersMissingParmsTest (609 ms)
[ RUN      ] PlayerTestIntegrationFixture.AddPlayerStatsAuthTest
[       OK ] PlayerTestIntegrationFixture.AddPlayerStatsAuthTest (505 ms)
[ RUN      ] PlayerTestIntegrationFixture.AddPlayerStatsNoPlayersTest
[       OK ] PlayerTestIntegrationFixture.AddPlayerStatsNoPlayersTest (518 ms)
[ RUN      ] PlayerTestIntegrationFixture.AddPlayerStatsPlayersExistTest
[       OK ] PlayerTestIntegrationFixture.AddPlayerStatsPlayersExistTest (591 ms)
[ RUN      ] PlayerTestIntegrationFixture.AddPlayersStatsWhereStatsExistTest
game_id: 1
added is valid?: 1
[       OK ] PlayerTestIntegrationFixture.AddPlayersStatsWhereStatsExistTest (579 ms)
[ RUN      ] PlayerTestIntegrationFixture.AddPlayerStatsPlayerDoesntExistTest
[       OK ] PlayerTestIntegrationFixture.AddPlayerStatsPlayerDoesntExistTest (551 ms)
[ RUN      ] PlayerTestIntegrationFixture.AddPlayerStatsMissingParmsTest
[       OK ] PlayerTestIntegrationFixture.AddPlayerStatsMissingParmsTest (539 ms)
[ RUN      ] PlayerTestIntegrationFixture.AddPlayerStatsInvalidStatsFormatest
[       OK ] PlayerTestIntegrationFixture.AddPlayerStatsInvalidStatsFormatest (523 ms)
[ RUN      ] PlayerTestIntegrationFixture.GetPlayersStatsAuthTest
[       OK ] PlayerTestIntegrationFixture.GetPlayersStatsAuthTest (531 ms)
[ RUN      ] PlayerTestIntegrationFixture.GetPlayersStatsMissingStatsTest
[       OK ] PlayerTestIntegrationFixture.GetPlayersStatsMissingStatsTest (639 ms)
[ RUN      ] PlayerTestIntegrationFixture.GetPlayersStatsValidTest
[       OK ] PlayerTestIntegrationFixture.GetPlayersStatsValidTest (592 ms)
[ RUN      ] PlayerTestIntegrationFixture.DeletePlayersStatsAuthTest
[       OK ] PlayerTestIntegrationFixture.DeletePlayersStatsAuthTest (548 ms)
[ RUN      ] PlayerTestIntegrationFixture.DeletePlayersStatsMissingPlayersTest
[       OK ] PlayerTestIntegrationFixture.DeletePlayersStatsMissingPlayersTest (631 ms)
[ RUN      ] PlayerTestIntegrationFixture.DeletePlayersStatsMissingStatsTest
[       OK ] PlayerTestIntegrationFixture.DeletePlayersStatsMissingStatsTest (616 ms)
[ RUN      ] PlayerTestIntegrationFixture.UpdatePlayerStatsAuthTest
[       OK ] PlayerTestIntegrationFixture.UpdatePlayerStatsAuthTest (551 ms)
[ RUN      ] PlayerTestIntegrationFixture.UpdatePlayerStatsMissingStatsTest
[       OK ] PlayerTestIntegrationFixture.UpdatePlayerStatsMissingStatsTest (520 ms)
[ RUN      ] PlayerTestIntegrationFixture.UpdatePlayerStatsEmptyBodyTest
[       OK ] PlayerTestIntegrationFixture.UpdatePlayerStatsEmptyBodyTest (631 ms)
[ RUN      ] PlayerTestIntegrationFixture.UpdatePlayerStatsInvalidStatsTest
[       OK ] PlayerTestIntegrationFixture.UpdatePlayerStatsInvalidStatsTest (588 ms)
[ RUN      ] PlayerTestIntegrationFixture.UpdatePlayerStatsValidTest
[       OK ] PlayerTestIntegrationFixture.UpdatePlayerStatsValidTest (617 ms)
[ RUN      ] PlayerTestIntegrationFixture.PutGameAuthTest
[       OK ] PlayerTestIntegrationFixture.PutGameAuthTest (503 ms)
[ RUN      ] PlayerTestIntegrationFixture.PutGameEmptyBodyTest
[       OK ] PlayerTestIntegrationFixture.PutGameEmptyBodyTest (547 ms)
[ RUN      ] PlayerTestIntegrationFixture.PutGameInvalidStatsTest
[       OK ] PlayerTestIntegrationFixture.PutGameInvalidStatsTest (555 ms)
[ RUN      ] PlayerTestIntegrationFixture.PutGameInvalidValuesTest
[       OK ] PlayerTestIntegrationFixture.PutGameInvalidValuesTest (510 ms)
[ RUN      ] PlayerTestIntegrationFixture.PutGameValidTest
[       OK ] PlayerTestIntegrationFixture.PutGameValidTest (547 ms)
[----------] 27 tests from PlayerTestIntegrationFixture (15251 ms total)

[----------] 8 tests from GameTesting
[ RUN      ] GameTesting.GameTest
[       OK ] GameTesting.GameTest (0 ms)
[ RUN      ] GameTesting.GameTest2
[       OK ] GameTesting.GameTest2 (0 ms)
[ RUN      ] GameTesting.GameTest3
[       OK ] GameTesting.GameTest3 (0 ms)
[ RUN      ] GameTesting.GameTest4
[       OK ] GameTesting.GameTest4 (0 ms)
[ RUN      ] GameTesting.GameTest5
[       OK ] GameTesting.GameTest5 (0 ms)
[ RUN      ] GameTesting.GameTest6
[       OK ] GameTesting.GameTest6 (0 ms)
[ RUN      ] GameTesting.GameTest7
[       OK ] GameTesting.GameTest7 (0 ms)
[ RUN      ] GameTesting.GameTest8
[       OK ] GameTesting.GameTest8 (0 ms)
[----------] 8 tests from GameTesting (2 ms total)

[----------] 6 tests from GameGDPTestIntegrationFixture
[ RUN      ] GameGDPTestIntegrationFixture.GameTest
[       OK ] GameGDPTestIntegrationFixture.GameTest (291 ms)
[ RUN      ] GameGDPTestIntegrationFixture.GameTest2
[       OK ] GameGDPTestIntegrationFixture.GameTest2 (499 ms)
[ RUN      ] GameGDPTestIntegrationFixture.GameTest3
[       OK ] GameGDPTestIntegrationFixture.GameTest3 (527 ms)
[ RUN      ] GameGDPTestIntegrationFixture.GameTest5
[       OK ] GameGDPTestIntegrationFixture.GameTest5 (330 ms)
[ RUN      ] GameGDPTestIntegrationFixture.GameTest6
[       OK ] GameGDPTestIntegrationFixture.GameTest6 (506 ms)
[ RUN      ] GameGDPTestIntegrationFixture.GameTest7
[       OK ] GameGDPTestIntegrationFixture.GameTest7 (534 ms)
[----------] 6 tests from GameGDPTestIntegrationFixture (2689 ms total)

[----------] Global test environment tear-down
[==========] 114 tests from 12 test suites ran. (32474 ms total)
[  PASSED  ] 114 tests.
================================================================================
Target //testing:test up-to-date:
  bazel-bin/testing/test
INFO: Elapsed time: 63.734s, Critical Path: 49.36s
INFO: 101 processes: 38 internal, 63 linux-sandbox.
INFO: Build completed successfully, 101 total actions
//testing:test                                                           PASSED in 32.5s

Executed 1 out of 1 test: 1 test passes.
INFO: Build completed successfully, 101 total actions
